// Jest Snapshot v1, https://goo.gl/fbAQLP

exports[`setPromisedTimeout should reject when provided function does 1`] = `"test error"`;
